// Jest Snapshot v1, https://goo.gl/fbAQLP

exports[`pruebas en gifgriditem/> debe mostrar el componente correctaente 1`] = `
<div
  className="card animate__animated animate__bounce"
>
  <img
    alt="cualquier titulo"
    src="https://google.com"
  />
  <p>
    cualquier titulo
  </p>
</div>
`;
